// Jest Snapshot v1, https://goo.gl/fbAQLP

exports[`Logout view template snapshot 1`] = `<form />`;
